// Jest Snapshot v1, https://goo.gl/fbAQLP

exports[`Mobx TodoList snapshot 1`] = `
<div>
  TodoList
  <div>
    ========
  </div>
  <div>
    <input
      data-test-id="todo-input"
      onChange={[Function]}
      type="text"
      value=""
    />
    <button
      data-test-id="add-button"
      onClick={[Function]}
    >
      添加
    </button>
  </div>
  <div
    className="TodosMobxItem"
    key="0"
  >
    <input
      checked={false}
      onClick={[Function]}
      type="checkbox"
    />
    <div>
      Todo1
    </div>
    <div
      className="delete"
      onClick={[Function]}
    >
      x
    </div>
  </div>
  <div
    className="TodosMobxItem"
    key="1"
  >
    <input
      checked={true}
      onClick={[Function]}
      type="checkbox"
    />
    <div>
      Todo2
    </div>
    <div
      className="delete"
      onClick={[Function]}
    >
      x
    </div>
  </div>
  <div
    className="TodosMobxItem"
    key="2"
  >
    <input
      checked={false}
      onClick={[Function]}
      type="checkbox"
    />
    <div>
      Todo3
    </div>
    <div
      className="delete"
      onClick={[Function]}
    >
      x
    </div>
  </div>
</div>
`;
